
> tigostarpage@0.0.0 dev
> vite --host 127.0.0.1 --port 5173


  [32m[1mVITE[22m v7.3.1[39m  [2mready in [0m[1m1283[22m[2m[0m ms[22m

  [32m➜[39m  [1mLocal[22m:   [36mhttp://127.0.0.1:[1m5173[22m/[39m
[2m5:51:30 PM[22m [36m[1m[vite][22m[39m [90m[2m(client)[22m[39m [32mhmr update [39m[2m/src/components/ot/CorteTapDetailModal.tsx, /src/index.css[22m
[2m5:56:30 PM[22m [36m[1m[vite][22m[39m [90m[2m(client)[22m[39m [32mhmr update [39m[2m/src/pages/RegistrarOTAgendaPage.tsx, /src/components/ot/CortesTapPanel.tsx, /src/components/ot/CorteTapDetailModal.tsx, /src/index.css[22m
[2m5:56:30 PM[22m [36m[1m[vite][22m[39m [90m[2m(client)[22m[39m [32mhmr update [39m[2m/src/components/ot/CorteTapDetailModal.tsx, /src/index.css[22m
[2m6:06:21 PM[22m [36m[1m[vite][22m[39m [90m[2m(client)[22m[39m [32mhmr update [39m[2m/src/pages/RegistrarOTAgendaPage.tsx, /src/components/ot/CortesTapPanel.tsx, /src/components/ot/CorteTapDetailModal.tsx, /src/index.css[22m
[2m6:06:21 PM[22m [36m[1m[vite][22m[39m [90m[2m(client)[22m[39m [32mhmr update [39m[2m/src/components/ot/CorteTapDetailModal.tsx, /src/index.css[22m
[2m6:06:45 PM[22m [36m[1m[vite][22m[39m [90m[2m(client)[22m[39m [32mhmr update [39m[2m/src/components/ot/CorteTapDetailModal.tsx, /src/index.css[22m
[2m6:06:45 PM[22m [36m[1m[vite][22m[39m [90m[2m(client)[22m[39m [32mhmr update [39m[2m/src/components/ot/CortesTapPanel.tsx, /src/index.css[22m
[2m6:12:43 PM[22m [36m[1m[vite][22m[39m [90m[2m(client)[22m[39m [32mhmr update [39m[2m/src/components/ot/CortesTapPanel.tsx, /src/index.css[22m
[2m6:12:43 PM[22m [36m[1m[vite][22m[39m [90m[2m(client)[22m[39m [32mhmr update [39m[2m/src/components/ot/CorteTapDetailModal.tsx, /src/index.css[22m
[2m6:20:25 PM[22m [36m[1m[vite][22m[39m [90m[2m(client)[22m[39m [32mhmr update [39m[2m/src/pages/RegistrarOTAgendaPage.tsx, /src/components/ot/CortesTapPanel.tsx, /src/components/ot/CorteTapDetailModal.tsx, /src/index.css[22m
[2m6:20:25 PM[22m [36m[1m[vite][22m[39m [90m[2m(client)[22m[39m [32mhmr update [39m[2m/src/components/ot/CorteTapDetailModal.tsx, /src/index.css[22m
[2m6:26:10 PM[22m [36m[1m[vite][22m[39m [90m[2m(client)[22m[39m [32mhmr update [39m[2m/src/pages/RegistrarOTAgendaPage.tsx, /src/components/ot/CortesTapPanel.tsx, /src/components/ot/CorteTapDetailModal.tsx, /src/index.css[22m
[2m6:26:10 PM[22m [36m[1m[vite][22m[39m [90m[2m(client)[22m[39m [32mhmr update [39m[2m/src/components/ot/CorteTapDetailModal.tsx, /src/index.css[22m
[2m6:26:10 PM[22m [36m[1m[vite][22m[39m [90m[2m(client)[22m[39m [32mhmr update [39m[2m/src/pages/DigitadorCortesTapPage.tsx, /src/index.css[22m
[2m6:26:10 PM[22m [36m[1m[vite][22m[39m [90m[2m(client)[22m[39m [32mhmr update [39m[2m/src/components/ot/CortesTapPanel.tsx, /src/index.css[22m
[2m6:26:53 PM[22m [36m[1m[vite][22m[39m [90m[2m(client)[22m[39m [32mhmr update [39m[2m/src/pages/OtDashboardPage.tsx, /src/index.css[22m
[2m6:27:07 PM[22m [36m[1m[vite][22m[39m [90m[2m(client)[22m[39m [32mhmr update [39m[2m/src/pages/OtDashboardPage.tsx, /src/index.css[22m
[2m6:27:55 PM[22m [36m[1m[vite][22m[39m [90m[2m(client)[22m[39m [32mhmr update [39m[2m/src/components/ot/CortesTapPanel.tsx, /src/index.css[22m
[2m6:33:30 PM[22m [36m[1m[vite][22m[39m [90m[2m(client)[22m[39m [32mhmr update [39m[2m/src/pages/RegistrarOTAgendaPage.tsx, /src/components/ot/CortesTapPanel.tsx, /src/components/ot/CorteTapDetailModal.tsx, /src/index.css[22m
[2m6:33:30 PM[22m [36m[1m[vite][22m[39m [90m[2m(client)[22m[39m [32mhmr update [39m[2m/src/pages/RegistrarOTAgendaPage.tsx, /src/index.css[22m
[2m6:33:31 PM[22m [36m[1m[vite][22m[39m [90m[2m(client)[22m[39m [32mhmr update [39m[2m/src/components/ot/CorteTapDetailModal.tsx, /src/index.css[22m
