[2m5:49:04 PM[22m [31m[1m[vite][22m[39m [31mhttp proxy error: /cortes-tap[39m
Error: connect ECONNREFUSED ::1:9060
    at TCPConnectWrap.afterConnect [as oncomplete] (node:net:1615:16)
Browserslist: browsers data (caniuse-lite) is 6 months old. Please run:
  npx update-browserslist-db@latest
  Why you should do it regularly: https://github.com/browserslist/update-db#readme
[2m5:49:23 PM[22m [31m[1m[vite][22m[39m [31mhttp proxy error: /auth/me[39m
Error: connect ECONNREFUSED ::1:9060
    at TCPConnectWrap.afterConnect [as oncomplete] (node:net:1615:16)
[2m5:49:23 PM[22m [31m[1m[vite][22m[39m [31mhttp proxy error: /auth/me[39m
Error: connect ECONNREFUSED ::1:9060
    at TCPConnectWrap.afterConnect [as oncomplete] (node:net:1615:16)
[2m5:49:25 PM[22m [31m[1m[vite][22m[39m [31mhttp proxy error: /auth/sucursales[39m
Error: connect ECONNREFUSED ::1:9060
    at TCPConnectWrap.afterConnect [as oncomplete] (node:net:1615:16)
[2m5:58:33 PM[22m [31m[1m[vite][22m[39m [31mhttp proxy error: /auth/login[39m
Error: connect ECONNREFUSED ::1:9060
    at TCPConnectWrap.afterConnect [as oncomplete] (node:net:1615:16)
[2m5:58:33 PM[22m [31m[1m[vite][22m[39m [31mhttp proxy error: /auth/sucursales[39m
Error: connect ECONNREFUSED ::1:9060
    at TCPConnectWrap.afterConnect [as oncomplete] (node:net:1615:16)
[2m5:58:34 PM[22m [31m[1m[vite][22m[39m [31mhttp proxy error: /auth/sucursales[39m
Error: connect ECONNREFUSED ::1:9060
    at TCPConnectWrap.afterConnect [as oncomplete] (node:net:1615:16)
[2m5:58:36 PM[22m [31m[1m[vite][22m[39m [31mhttp proxy error: /auth/login[39m
Error: connect ECONNREFUSED ::1:9060
    at TCPConnectWrap.afterConnect [as oncomplete] (node:net:1615:16)
[2m5:58:36 PM[22m [31m[1m[vite][22m[39m [31mhttp proxy error: /auth/sucursales[39m
Error: connect ECONNREFUSED ::1:9060
    at TCPConnectWrap.afterConnect [as oncomplete] (node:net:1615:16)
[2m5:58:37 PM[22m [31m[1m[vite][22m[39m [31mhttp proxy error: /auth/sucursales[39m
Error: connect ECONNREFUSED ::1:9060
    at TCPConnectWrap.afterConnect [as oncomplete] (node:net:1615:16)
[2m5:58:41 PM[22m [31m[1m[vite][22m[39m [31mhttp proxy error: /auth/sucursales[39m
Error: connect ECONNREFUSED ::1:9060
    at TCPConnectWrap.afterConnect [as oncomplete] (node:net:1615:16)
[2m5:58:42 PM[22m [31m[1m[vite][22m[39m [31mhttp proxy error: /auth/sucursales[39m
Error: connect ECONNREFUSED ::1:9060
    at TCPConnectWrap.afterConnect [as oncomplete] (node:net:1615:16)
[2m5:58:44 PM[22m [31m[1m[vite][22m[39m [31mhttp proxy error: /auth/sucursales[39m
Error: connect ECONNREFUSED ::1:9060
    at TCPConnectWrap.afterConnect [as oncomplete] (node:net:1615:16)
[2m5:58:45 PM[22m [31m[1m[vite][22m[39m [31mhttp proxy error: /auth/sucursales[39m
Error: connect ECONNREFUSED ::1:9060
    at TCPConnectWrap.afterConnect [as oncomplete] (node:net:1615:16)
[2m5:58:49 PM[22m [31m[1m[vite][22m[39m [31mhttp proxy error: /auth/sucursales[39m
Error: connect ECONNREFUSED ::1:9060
    at TCPConnectWrap.afterConnect [as oncomplete] (node:net:1615:16)
[2m5:58:50 PM[22m [31m[1m[vite][22m[39m [31mhttp proxy error: /auth/sucursales[39m
Error: connect ECONNREFUSED ::1:9060
    at TCPConnectWrap.afterConnect [as oncomplete] (node:net:1615:16)
[2m6:26:54 PM[22m [31m[1m[vite][22m[39m [31mInternal server error: C:\Users\JOSUE CABRERA\Downloads\frontOT-front01062026\frontOT-erm02072026\src\pages\OtDashboardPage.tsx: Expected corresponding JSX closing tag for <div>. (2287:6)

[0m [90m 2285 |[31m           )}
 [90m 2286 |[31m         [33m<[31m[33m/[31m[33mModal[31m[33m>[31m
[31m[1m>[22m[31m[90m 2287 |[31m       [33m<[31m[33m/[31m[33msection[31m[33m>[31m
 [90m      |[31m       [31m[1m^[22m[31m
 [90m 2288 |[31m     [33m<[31m[33m/[31m[33mdiv[31m[33m>[31m
 [90m 2289 |[31m   )
 [90m 2290 |[31m }[0m[39m
  Plugin: [35mvite:react-babel[39m
  File: [36mC:/Users/JOSUE CABRERA/Downloads/frontOT-front01062026/frontOT-erm02072026/src/pages/OtDashboardPage.tsx[39m:2287:6
      at constructor (C:\Users\JOSUE CABRERA\Downloads\frontOT-front01062026\frontOT-erm02072026\node_modules\@babel\parser\lib\index.js:365:19)
      at TypeScriptParserMixin.raise (C:\Users\JOSUE CABRERA\Downloads\frontOT-front01062026\frontOT-erm02072026\node_modules\@babel\parser\lib\index.js:6599:19)
      at TypeScriptParserMixin.jsxParseElementAt (C:\Users\JOSUE CABRERA\Downloads\frontOT-front01062026\frontOT-erm02072026\node_modules\@babel\parser\lib\index.js:4727:16)
      at TypeScriptParserMixin.jsxParseElementAt (C:\Users\JOSUE CABRERA\Downloads\frontOT-front01062026\frontOT-erm02072026\node_modules\@babel\parser\lib\index.js:4698:32)
      at TypeScriptParserMixin.jsxParseElementAt (C:\Users\JOSUE CABRERA\Downloads\frontOT-front01062026\frontOT-erm02072026\node_modules\@babel\parser\lib\index.js:4698:32)
      at TypeScriptParserMixin.jsxParseElement (C:\Users\JOSUE CABRERA\Downloads\frontOT-front01062026\frontOT-erm02072026\node_modules\@babel\parser\lib\index.js:4749:17)
      at TypeScriptParserMixin.parseExprAtom (C:\Users\JOSUE CABRERA\Downloads\frontOT-front01062026\frontOT-erm02072026\node_modules\@babel\parser\lib\index.js:4759:19)
      at TypeScriptParserMixin.parseExprSubscripts (C:\Users\JOSUE CABRERA\Downloads\frontOT-front01062026\frontOT-erm02072026\node_modules\@babel\parser\lib\index.js:11081:23)
      at TypeScriptParserMixin.parseUpdate (C:\Users\JOSUE CABRERA\Downloads\frontOT-front01062026\frontOT-erm02072026\node_modules\@babel\parser\lib\index.js:11066:21)
      at TypeScriptParserMixin.parseMaybeUnary (C:\Users\JOSUE CABRERA\Downloads\frontOT-front01062026\frontOT-erm02072026\node_modules\@babel\parser\lib\index.js:11046:23)
      at TypeScriptParserMixin.parseMaybeUnary (C:\Users\JOSUE CABRERA\Downloads\frontOT-front01062026\frontOT-erm02072026\node_modules\@babel\parser\lib\index.js:9837:18)
      at TypeScriptParserMixin.parseMaybeUnaryOrPrivate (C:\Users\JOSUE CABRERA\Downloads\frontOT-front01062026\frontOT-erm02072026\node_modules\@babel\parser\lib\index.js:10899:61)
      at TypeScriptParserMixin.parseExprOps (C:\Users\JOSUE CABRERA\Downloads\frontOT-front01062026\frontOT-erm02072026\node_modules\@babel\parser\lib\index.js:10904:23)
      at TypeScriptParserMixin.parseMaybeConditional (C:\Users\JOSUE CABRERA\Downloads\frontOT-front01062026\frontOT-erm02072026\node_modules\@babel\parser\lib\index.js:10881:23)
      at TypeScriptParserMixin.parseMaybeAssign (C:\Users\JOSUE CABRERA\Downloads\frontOT-front01062026\frontOT-erm02072026\node_modules\@babel\parser\lib\index.js:10831:21)
      at C:\Users\JOSUE CABRERA\Downloads\frontOT-front01062026\frontOT-erm02072026\node_modules\@babel\parser\lib\index.js:9775:39
      at TypeScriptParserMixin.tryParse (C:\Users\JOSUE CABRERA\Downloads\frontOT-front01062026\frontOT-erm02072026\node_modules\@babel\parser\lib\index.js:6907:20)
      at TypeScriptParserMixin.parseMaybeAssign (C:\Users\JOSUE CABRERA\Downloads\frontOT-front01062026\frontOT-erm02072026\node_modules\@babel\parser\lib\index.js:9775:18)
      at C:\Users\JOSUE CABRERA\Downloads\frontOT-front01062026\frontOT-erm02072026\node_modules\@babel\parser\lib\index.js:10800:39
      at TypeScriptParserMixin.allowInAnd (C:\Users\JOSUE CABRERA\Downloads\frontOT-front01062026\frontOT-erm02072026\node_modules\@babel\parser\lib\index.js:12426:12)
      at TypeScriptParserMixin.parseMaybeAssignAllowIn (C:\Users\JOSUE CABRERA\Downloads\frontOT-front01062026\frontOT-erm02072026\node_modules\@babel\parser\lib\index.js:10800:17)
      at TypeScriptParserMixin.parseMaybeAssignAllowInOrVoidPattern (C:\Users\JOSUE CABRERA\Downloads\frontOT-front01062026\frontOT-erm02072026\node_modules\@babel\parser\lib\index.js:12493:17)
      at TypeScriptParserMixin.parseParenAndDistinguishExpression (C:\Users\JOSUE CABRERA\Downloads\frontOT-front01062026\frontOT-erm02072026\node_modules\@babel\parser\lib\index.js:11675:28)
      at TypeScriptParserMixin.parseExprAtom (C:\Users\JOSUE CABRERA\Downloads\frontOT-front01062026\frontOT-erm02072026\node_modules\@babel\parser\lib\index.js:11331:23)
      at TypeScriptParserMixin.parseExprAtom (C:\Users\JOSUE CABRERA\Downloads\frontOT-front01062026\frontOT-erm02072026\node_modules\@babel\parser\lib\index.js:4764:20)
      at TypeScriptParserMixin.parseExprSubscripts (C:\Users\JOSUE CABRERA\Downloads\frontOT-front01062026\frontOT-erm02072026\node_modules\@babel\parser\lib\index.js:11081:23)
      at TypeScriptParserMixin.parseUpdate (C:\Users\JOSUE CABRERA\Downloads\frontOT-front01062026\frontOT-erm02072026\node_modules\@babel\parser\lib\index.js:11066:21)
      at TypeScriptParserMixin.parseMaybeUnary (C:\Users\JOSUE CABRERA\Downloads\frontOT-front01062026\frontOT-erm02072026\node_modules\@babel\parser\lib\index.js:11046:23)
      at TypeScriptParserMixin.parseMaybeUnary (C:\Users\JOSUE CABRERA\Downloads\frontOT-front01062026\frontOT-erm02072026\node_modules\@babel\parser\lib\index.js:9837:18)
      at TypeScriptParserMixin.parseMaybeUnaryOrPrivate (C:\Users\JOSUE CABRERA\Downloads\frontOT-front01062026\frontOT-erm02072026\node_modules\@babel\parser\lib\index.js:10899:61)
      at TypeScriptParserMixin.parseExprOps (C:\Users\JOSUE CABRERA\Downloads\frontOT-front01062026\frontOT-erm02072026\node_modules\@babel\parser\lib\index.js:10904:23)
      at TypeScriptParserMixin.parseMaybeConditional (C:\Users\JOSUE CABRERA\Downloads\frontOT-front01062026\frontOT-erm02072026\node_modules\@babel\parser\lib\index.js:10881:23)
      at TypeScriptParserMixin.parseMaybeAssign (C:\Users\JOSUE CABRERA\Downloads\frontOT-front01062026\frontOT-erm02072026\node_modules\@babel\parser\lib\index.js:10831:21)
      at TypeScriptParserMixin.parseMaybeAssign (C:\Users\JOSUE CABRERA\Downloads\frontOT-front01062026\frontOT-erm02072026\node_modules\@babel\parser\lib\index.js:9786:20)
      at TypeScriptParserMixin.parseExpressionBase (C:\Users\JOSUE CABRERA\Downloads\frontOT-front01062026\frontOT-erm02072026\node_modules\@babel\parser\lib\index.js:10784:23)
      at C:\Users\JOSUE CABRERA\Downloads\frontOT-front01062026\frontOT-erm02072026\node_modules\@babel\parser\lib\index.js:10780:39
      at TypeScriptParserMixin.allowInAnd (C:\Users\JOSUE CABRERA\Downloads\frontOT-front01062026\frontOT-erm02072026\node_modules\@babel\parser\lib\index.js:12421:16)
      at TypeScriptParserMixin.parseExpression (C:\Users\JOSUE CABRERA\Downloads\frontOT-front01062026\frontOT-erm02072026\node_modules\@babel\parser\lib\index.js:10780:17)
      at TypeScriptParserMixin.parseReturnStatement (C:\Users\JOSUE CABRERA\Downloads\frontOT-front01062026\frontOT-erm02072026\node_modules\@babel\parser\lib\index.js:13142:28)
      at TypeScriptParserMixin.parseStatementContent (C:\Users\JOSUE CABRERA\Downloads\frontOT-front01062026\frontOT-erm02072026\node_modules\@babel\parser\lib\index.js:12798:21)
      at TypeScriptParserMixin.parseStatementContent (C:\Users\JOSUE CABRERA\Downloads\frontOT-front01062026\frontOT-erm02072026\node_modules\@babel\parser\lib\index.js:9508:18)
      at TypeScriptParserMixin.parseStatementLike (C:\Users\JOSUE CABRERA\Downloads\frontOT-front01062026\frontOT-erm02072026\node_modules\@babel\parser\lib\index.js:12767:17)
      at TypeScriptParserMixin.parseStatementListItem (C:\Users\JOSUE CABRERA\Downloads\frontOT-front01062026\frontOT-erm02072026\node_modules\@babel\parser\lib\index.js:12747:17)
      at TypeScriptParserMixin.parseBlockOrModuleBlockBody (C:\Users\JOSUE CABRERA\Downloads\frontOT-front01062026\frontOT-erm02072026\node_modules\@babel\parser\lib\index.js:13316:61)
      at TypeScriptParserMixin.parseBlockBody (C:\Users\JOSUE CABRERA\Downloads\frontOT-front01062026\frontOT-erm02072026\node_modules\@babel\parser\lib\index.js:13309:10)
      at TypeScriptParserMixin.parseBlock (C:\Users\JOSUE CABRERA\Downloads\frontOT-front01062026\frontOT-erm02072026\node_modules\@babel\parser\lib\index.js:13297:10)
      at TypeScriptParserMixin.parseFunctionBody (C:\Users\JOSUE CABRERA\Downloads\frontOT-front01062026\frontOT-erm02072026\node_modules\@babel\parser\lib\index.js:12100:24)
      at TypeScriptParserMixin.parseArrowExpression (C:\Users\JOSUE CABRERA\Downloads\frontOT-front01062026\frontOT-erm02072026\node_modules\@babel\parser\lib\index.js:12075:10)
      at TypeScriptParserMixin.parseParenAndDistinguishExpression (C:\Users\JOSUE CABRERA\Downloads\frontOT-front01062026\frontOT-erm02072026\node_modules\@babel\parser\lib\index.js:11687:12)
      at TypeScriptParserMixin.parseExprAtom (C:\Users\JOSUE CABRERA\Downloads\frontOT-front01062026\frontOT-erm02072026\node_modules\@babel\parser\lib\index.js:11331:23)
[2m6:35:23 PM[22m [31m[1m[vite][22m[39m [31mhttp proxy error: /cortes-tap/resolver-zona-hfc?zonaHfc=NODO+GRD199[39m
Error: connect ECONNREFUSED ::1:9060
    at TCPConnectWrap.afterConnect [as oncomplete] (node:net:1615:16)
[2m6:35:26 PM[22m [31m[1m[vite][22m[39m [31mhttp proxy error: /cortes-tap/resolver-zona-hfc?zonaHfc=NODO+GRD199[39m
Error: connect ECONNREFUSED ::1:9060
    at TCPConnectWrap.afterConnect [as oncomplete] (node:net:1615:16)
[2m6:35:32 PM[22m [31m[1m[vite][22m[39m [31mhttp proxy error: /cortes-tap/resolver-zona-hfc?zonaHfc=NODO+GRD199[39m
Error: connect ECONNREFUSED ::1:9060
    at TCPConnectWrap.afterConnect [as oncomplete] (node:net:1615:16)
